
> marcaquiz-mvp@1.0.0 build /home/runner/work/qria/qria
> vite build && esbuild server/_core/index.ts --platform=node --packages=external --bundle --format=esm --outdir=dist

[36mvite v7.1.9 [32mbuilding for production...[36m[39m
[33m[1m(!) %VITE_ANALYTICS_ENDPOINT% is not defined in env variables found in /index.html. Is the variable mistyped?[22m[39m
[33m[1m(!) %VITE_ANALYTICS_WEBSITE_ID% is not defined in env variables found in /index.html. Is the variable mistyped?[22m[39m
<script src="%VITE_ANALYTICS_ENDPOINT%/umami"> in "/index.html" can't be bundled without type="module" attribute
transforming...
Error processing file /home/runner/work/qria/qria/client/src/pages/BrandWorkspace.tsx: SyntaxError: Unexpected token (56:1033)
    at constructor (/home/runner/work/qria/qria/node_modules/.pnpm/@babel+parser@7.28.4/node_modules/@babel/parser/lib/index.js:367:19)
    at TypeScriptParserMixin.raise (/home/runner/work/qria/qria/node_modules/.pnpm/@babel+parser@7.28.4/node_modules/@babel/parser/lib/index.js:6630:19)
    at TypeScriptParserMixin.unexpected (/home/runner/work/qria/qria/node_modules/.pnpm/@babel+parser@7.28.4/node_modules/@babel/parser/lib/index.js:6650:16)
    at TypeScriptParserMixin.parseExprAtom (/home/runner/work/qria/qria/node_modules/.pnpm/@babel+parser@7.28.4/node_modules/@babel/parser/lib/index.js:11451:16)
    at TypeScriptParserMixin.parseExprAtom (/home/runner/work/qria/qria/node_modules/.pnpm/@babel+parser@7.28.4/node_modules/@babel/parser/lib/index.js:4797:20)
    at TypeScriptParserMixin.parseExprSubscripts (/home/runner/work/qria/qria/node_modules/.pnpm/@babel+parser@7.28.4/node_modules/@babel/parser/lib/index.js:11085:23)
    at TypeScriptParserMixin.parseUpdate (/home/runner/work/qria/qria/node_modules/.pnpm/@babel+parser@7.28.4/node_modules/@babel/parser/lib/index.js:11070:21)
    at TypeScriptParserMixin.parseMaybeUnary (/home/runner/work/qria/qria/node_modules/.pnpm/@babel+parser@7.28.4/node_modules/@babel/parser/lib/index.js:11050:23)
    at TypeScriptParserMixin.parseMaybeUnary (/home/runner/work/qria/qria/node_modules/.pnpm/@babel+parser@7.28.4/node_modules/@babel/parser/lib/index.js:9857:18)
    at TypeScriptParserMixin.parseMaybeUnaryOrPrivate (/home/runner/work/qria/qria/node_modules/.pnpm/@babel+parser@7.28.4/node_modules/@babel/parser/lib/index.js:10903:61) {
  code: 'BABEL_PARSER_SYNTAX_ERROR',
  reasonCode: 'UnexpectedToken',
  loc: Position { line: 56, column: 1033, index: 14126 },
  pos: 14126,
  syntaxPlugin: undefined
}
[32m✓[39m 92 modules transformed.
[31m✗[39m Build failed in 480ms
[31merror during build:
[31m[vite:esbuild] Transform failed with 1 error:
/home/runner/work/qria/qria/client/src/pages/BrandWorkspace.tsx:56:1036: ERROR: Unexpected end of file[31m
file: [36m/home/runner/work/qria/qria/client/src/pages/BrandWorkspace.tsx:56:1036[31m
[33m
[33mUnexpected end of file[33m

[31m
    at failureErrorWithLog (/home/runner/work/qria/qria/node_modules/.pnpm/esbuild@0.25.10/node_modules/esbuild/lib/main.js:1467:15)
    at /home/runner/work/qria/qria/node_modules/.pnpm/esbuild@0.25.10/node_modules/esbuild/lib/main.js:736:50
    at responseCallbacks.<computed> (/home/runner/work/qria/qria/node_modules/.pnpm/esbuild@0.25.10/node_modules/esbuild/lib/main.js:603:9)
    at handleIncomingPacket (/home/runner/work/qria/qria/node_modules/.pnpm/esbuild@0.25.10/node_modules/esbuild/lib/main.js:658:12)
    at Socket.readFromStdout (/home/runner/work/qria/qria/node_modules/.pnpm/esbuild@0.25.10/node_modules/esbuild/lib/main.js:581:7)
    at Socket.emit (node:events:524:28)
    at addChunk (node:internal/streams/readable:561:12)
    at readableAddChunkPushByteMode (node:internal/streams/readable:512:3)
    at Readable.push (node:internal/streams/readable:392:5)
    at Pipe.onStreamRead (node:internal/stream_base_commons:191:23)[39m
 ELIFECYCLE  Command failed with exit code 1.
